// Jest Snapshot v1, https://goo.gl/fbAQLP

exports[`Aside should match the snapshot 1`] = `
<aside
  className="aside"
>
  <div
    className="aside-score-div"
  >
    <h3>
      Your Score:
    </h3>
    <p>
       Correct Answers
    </p>
    <p>
       Questions Answered
    </p>
  </div>
  <div
    className="aside-info-div"
  >
    <button
      className="learn-more-btn"
    >
      <a
        href="https://css-tricks.com/snippets/css/a-guide-to-flexbox/"
        rel="noopener noreferrer"
        target="_blank"
      >
        Learn more about flexBox!
      </a>
    </button>
    <Info />
  </div>
</aside>
`;
